FILE_TYPE=LIBRARY_PARTS;
PRIMITIVE 'HF32FA_G_005_HSL1','HF32FA_G_005_HSL1_Other';
  PIN
    'COIL_1':
      PIN_NUMBER='(1)';
      NO_LOAD_CHECK=BOTH;
      NO_IO_CHECK=BOTH;
      ALLOW_CONNECT=TRUE;
      PINUSE='UNSPEC';
    'COM':
      PIN_NUMBER='(2)';
      NO_LOAD_CHECK=BOTH;
      NO_IO_CHECK=BOTH;
      ALLOW_CONNECT=TRUE;
      PINUSE='UNSPEC';
    'NO':
      PIN_NUMBER='(3)';
      NO_LOAD_CHECK=BOTH;
      NO_IO_CHECK=BOTH;
      ALLOW_CONNECT=TRUE;
      PINUSE='UNSPEC';
    'COIL_2':
      PIN_NUMBER='(4)';
      NO_LOAD_CHECK=BOTH;
      NO_IO_CHECK=BOTH;
      ALLOW_CONNECT=TRUE;
      PINUSE='UNSPEC';
  END_PIN;
  BODY
    PART_NAME='HF32FA_G_005_HSL1';
    PHYS_DES_PREFIX='K';
    NO_LOAD_CHECK='TRUE';
    PIN_COUNT='4';
    BODY_NAME='HF32FA_G_005_HSL1';
    JEDEC_TYPE='HF32FAG005HSL1';
  END_BODY;
END_PRIMITIVE;
END.
